Analysis & Synthesis report for SimonSays
Sun Dec 13 11:05:24 2015
Quartus Prime Version 15.1.0 Build 185 10/21/2015 SJ Lite Edition


---------------------
; Table of Contents ;
---------------------
  1. Legal Notice
  2. Analysis & Synthesis Summary
  3. Analysis & Synthesis Settings
  4. Parallel Compilation
  5. Analysis & Synthesis Source Files Read
  6. Analysis & Synthesis Resource Usage Summary
  7. Analysis & Synthesis Resource Utilization by Entity
  8. User-Specified and Inferred Latches
  9. General Register Statistics
 10. Inverted Register Statistics
 11. Multiplexer Restructuring Statistics (Restructuring Performed)
 12. Port Connectivity Checks: "Random:r"
 13. Post-Synthesis Netlist Statistics for Top Partition
 14. Elapsed Time Per Partition
 15. Analysis & Synthesis Messages
 16. Analysis & Synthesis Suppressed Messages



----------------
; Legal Notice ;
----------------
Copyright (C) 1991-2015 Altera Corporation. All rights reserved.
Your use of Altera Corporation's design tools, logic functions 
and other software and tools, and its AMPP partner logic 
functions, and any output files from any of the foregoing 
(including device programming or simulation files), and any 
associated documentation or information are expressly subject 
to the terms and conditions of the Altera Program License 
Subscription Agreement, the Altera Quartus Prime License Agreement,
the Altera MegaCore Function License Agreement, or other 
applicable license agreement, including, without limitation, 
that your use is for the sole purpose of programming logic 
devices manufactured by Altera and sold by Altera or its 
authorized distributors.  Please refer to the applicable 
agreement for further details.



+----------------------------------------------------------------------------------+
; Analysis & Synthesis Summary                                                     ;
+------------------------------------+---------------------------------------------+
; Analysis & Synthesis Status        ; Successful - Sun Dec 13 11:05:23 2015       ;
; Quartus Prime Version              ; 15.1.0 Build 185 10/21/2015 SJ Lite Edition ;
; Revision Name                      ; SimonSays                                   ;
; Top-level Entity Name              ; SimonSays                                   ;
; Family                             ; Cyclone IV E                                ;
; Total logic elements               ; 194                                         ;
;     Total combinational functions  ; 194                                         ;
;     Dedicated logic registers      ; 46                                          ;
; Total registers                    ; 46                                          ;
; Total pins                         ; 37                                          ;
; Total virtual pins                 ; 0                                           ;
; Total memory bits                  ; 0                                           ;
; Embedded Multiplier 9-bit elements ; 0                                           ;
; Total PLLs                         ; 0                                           ;
+------------------------------------+---------------------------------------------+


+----------------------------------------------------------------------------------------------------------------------+
; Analysis & Synthesis Settings                                                                                        ;
+----------------------------------------------------------------------------+--------------------+--------------------+
; Option                                                                     ; Setting            ; Default Value      ;
+----------------------------------------------------------------------------+--------------------+--------------------+
; Device                                                                     ; EP4CE115F29C7      ;                    ;
; Top-level entity name                                                      ; SimonSays          ; SimonSays          ;
; Family name                                                                ; Cyclone IV E       ; Cyclone V          ;
; Use smart compilation                                                      ; Off                ; Off                ;
; Enable parallel Assembler and TimeQuest Timing Analyzer during compilation ; On                 ; On                 ;
; Enable compact report table                                                ; Off                ; Off                ;
; Restructure Multiplexers                                                   ; Auto               ; Auto               ;
; Create Debugging Nodes for IP Cores                                        ; Off                ; Off                ;
; Preserve fewer node names                                                  ; On                 ; On                 ;
; Disable OpenCore Plus hardware evaluation                                  ; Off                ; Off                ;
; Verilog Version                                                            ; Verilog_2001       ; Verilog_2001       ;
; VHDL Version                                                               ; VHDL_1993          ; VHDL_1993          ;
; State Machine Processing                                                   ; Auto               ; Auto               ;
; Safe State Machine                                                         ; Off                ; Off                ;
; Extract Verilog State Machines                                             ; On                 ; On                 ;
; Extract VHDL State Machines                                                ; On                 ; On                 ;
; Ignore Verilog initial constructs                                          ; Off                ; Off                ;
; Iteration limit for constant Verilog loops                                 ; 5000               ; 5000               ;
; Iteration limit for non-constant Verilog loops                             ; 250                ; 250                ;
; Add Pass-Through Logic to Inferred RAMs                                    ; On                 ; On                 ;
; Infer RAMs from Raw Logic                                                  ; On                 ; On                 ;
; Parallel Synthesis                                                         ; On                 ; On                 ;
; DSP Block Balancing                                                        ; Auto               ; Auto               ;
; NOT Gate Push-Back                                                         ; On                 ; On                 ;
; Power-Up Don't Care                                                        ; On                 ; On                 ;
; Remove Redundant Logic Cells                                               ; Off                ; Off                ;
; Remove Duplicate Registers                                                 ; On                 ; On                 ;
; Ignore CARRY Buffers                                                       ; Off                ; Off                ;
; Ignore CASCADE Buffers                                                     ; Off                ; Off                ;
; Ignore GLOBAL Buffers                                                      ; Off                ; Off                ;
; Ignore ROW GLOBAL Buffers                                                  ; Off                ; Off                ;
; Ignore LCELL Buffers                                                       ; Off                ; Off                ;
; Ignore SOFT Buffers                                                        ; On                 ; On                 ;
; Limit AHDL Integers to 32 Bits                                             ; Off                ; Off                ;
; Optimization Technique                                                     ; Balanced           ; Balanced           ;
; Carry Chain Length                                                         ; 70                 ; 70                 ;
; Auto Carry Chains                                                          ; On                 ; On                 ;
; Auto Open-Drain Pins                                                       ; On                 ; On                 ;
; Perform WYSIWYG Primitive Resynthesis                                      ; Off                ; Off                ;
; Auto ROM Replacement                                                       ; On                 ; On                 ;
; Auto RAM Replacement                                                       ; On                 ; On                 ;
; Auto DSP Block Replacement                                                 ; On                 ; On                 ;
; Auto Shift Register Replacement                                            ; Auto               ; Auto               ;
; Allow Shift Register Merging across Hierarchies                            ; Auto               ; Auto               ;
; Auto Clock Enable Replacement                                              ; On                 ; On                 ;
; Strict RAM Replacement                                                     ; Off                ; Off                ;
; Allow Synchronous Control Signals                                          ; On                 ; On                 ;
; Force Use of Synchronous Clear Signals                                     ; Off                ; Off                ;
; Auto RAM Block Balancing                                                   ; On                 ; On                 ;
; Auto RAM to Logic Cell Conversion                                          ; Off                ; Off                ;
; Auto Resource Sharing                                                      ; Off                ; Off                ;
; Allow Any RAM Size For Recognition                                         ; Off                ; Off                ;
; Allow Any ROM Size For Recognition                                         ; Off                ; Off                ;
; Allow Any Shift Register Size For Recognition                              ; Off                ; Off                ;
; Use LogicLock Constraints during Resource Balancing                        ; On                 ; On                 ;
; Ignore translate_off and synthesis_off directives                          ; Off                ; Off                ;
; Timing-Driven Synthesis                                                    ; On                 ; On                 ;
; Report Parameter Settings                                                  ; On                 ; On                 ;
; Report Source Assignments                                                  ; On                 ; On                 ;
; Report Connectivity Checks                                                 ; On                 ; On                 ;
; Ignore Maximum Fan-Out Assignments                                         ; Off                ; Off                ;
; Synchronization Register Chain Length                                      ; 2                  ; 2                  ;
; PowerPlay Power Optimization During Synthesis                              ; Normal compilation ; Normal compilation ;
; HDL message level                                                          ; Level2             ; Level2             ;
; Suppress Register Optimization Related Messages                            ; Off                ; Off                ;
; Number of Removed Registers Reported in Synthesis Report                   ; 5000               ; 5000               ;
; Number of Swept Nodes Reported in Synthesis Report                         ; 5000               ; 5000               ;
; Number of Inverted Registers Reported in Synthesis Report                  ; 100                ; 100                ;
; Clock MUX Protection                                                       ; On                 ; On                 ;
; Auto Gated Clock Conversion                                                ; Off                ; Off                ;
; Block Design Naming                                                        ; Auto               ; Auto               ;
; SDC constraint protection                                                  ; Off                ; Off                ;
; Synthesis Effort                                                           ; Auto               ; Auto               ;
; Shift Register Replacement - Allow Asynchronous Clear Signal               ; On                 ; On                 ;
; Pre-Mapping Resynthesis Optimization                                       ; Off                ; Off                ;
; Analysis & Synthesis Message Level                                         ; Medium             ; Medium             ;
; Disable Register Merging Across Hierarchies                                ; Auto               ; Auto               ;
; Resource Aware Inference For Block RAM                                     ; On                 ; On                 ;
; Synthesis Seed                                                             ; 1                  ; 1                  ;
+----------------------------------------------------------------------------+--------------------+--------------------+


Parallel compilation was disabled, but you have multiple processors available. Enable parallel compilation to reduce compilation time.
+-------------------------------------+
; Parallel Compilation                ;
+----------------------------+--------+
; Processors                 ; Number ;
+----------------------------+--------+
; Number detected on machine ; 4      ;
; Maximum allowed            ; 1      ;
+----------------------------+--------+


+-----------------------------------------------------------------------------------------------------------------------------------------+
; Analysis & Synthesis Source Files Read                                                                                                  ;
+----------------------------------+-----------------+------------------------+-------------------------------------------------+---------+
; File Name with User-Entered Path ; Used in Netlist ; File Type              ; File Name with Absolute Path                    ; Library ;
+----------------------------------+-----------------+------------------------+-------------------------------------------------+---------+
; oneHZClk.v                       ; yes             ; User Verilog HDL File  ; C:/Users/a7med/Downloads/Project/oneHZClk.v     ;         ;
; SimonSays.v                      ; yes             ; User Verilog HDL File  ; C:/Users/a7med/Downloads/Project/SimonSays.v    ;         ;
; digitaltimer.v                   ; yes             ; User Verilog HDL File  ; C:/Users/a7med/Downloads/Project/digitaltimer.v ;         ;
; Random.v                         ; yes             ; User Verilog HDL File  ; C:/Users/a7med/Downloads/Project/Random.v       ;         ;
+----------------------------------+-----------------+------------------------+-------------------------------------------------+---------+


+-------------------------------------------------------------+
; Analysis & Synthesis Resource Usage Summary                 ;
+---------------------------------------------+---------------+
; Resource                                    ; Usage         ;
+---------------------------------------------+---------------+
; Estimated Total logic elements              ; 194           ;
;                                             ;               ;
; Total combinational functions               ; 194           ;
; Logic element usage by number of LUT inputs ;               ;
;     -- 4 input functions                    ; 75            ;
;     -- 3 input functions                    ; 53            ;
;     -- <=2 input functions                  ; 66            ;
;                                             ;               ;
; Logic elements by mode                      ;               ;
;     -- normal mode                          ; 144           ;
;     -- arithmetic mode                      ; 50            ;
;                                             ;               ;
; Total registers                             ; 46            ;
;     -- Dedicated logic registers            ; 46            ;
;     -- I/O registers                        ; 0             ;
;                                             ;               ;
; I/O pins                                    ; 37            ;
;                                             ;               ;
; Embedded Multiplier 9-bit elements          ; 0             ;
;                                             ;               ;
; Maximum fan-out node                        ; isPlayer~reg0 ;
; Maximum fan-out                             ; 33            ;
; Total fan-out                               ; 760           ;
; Average fan-out                             ; 2.42          ;
+---------------------------------------------+---------------+


+------------------------------------------------------------------------------------------------------------------------------------------------------------------------------------+
; Analysis & Synthesis Resource Utilization by Entity                                                                                                                                ;
+----------------------------+-------------------+--------------+-------------+--------------+---------+-----------+------+--------------+----------------------------+--------------+
; Compilation Hierarchy Node ; LC Combinationals ; LC Registers ; Memory Bits ; DSP Elements ; DSP 9x9 ; DSP 18x18 ; Pins ; Virtual Pins ; Full Hierarchy Name        ; Library Name ;
+----------------------------+-------------------+--------------+-------------+--------------+---------+-----------+------+--------------+----------------------------+--------------+
; |SimonSays                 ; 194 (74)          ; 46 (13)      ; 0           ; 0            ; 0       ; 0         ; 37   ; 0            ; |SimonSays                 ; work         ;
;    |Random:r|              ; 22 (22)           ; 0 (0)        ; 0           ; 0            ; 0       ; 0         ; 0    ; 0            ; |SimonSays|Random:r        ; work         ;
;    |digitaltimer:d1|       ; 14 (14)           ; 0 (0)        ; 0           ; 0            ; 0       ; 0         ; 0    ; 0            ; |SimonSays|digitaltimer:d1 ; work         ;
;    |digitaltimer:d2|       ; 14 (14)           ; 0 (0)        ; 0           ; 0            ; 0       ; 0         ; 0    ; 0            ; |SimonSays|digitaltimer:d2 ; work         ;
;    |digitaltimer:d3|       ; 14 (14)           ; 0 (0)        ; 0           ; 0            ; 0       ; 0         ; 0    ; 0            ; |SimonSays|digitaltimer:d3 ; work         ;
;    |oneHZClk:comb_3|       ; 56 (56)           ; 33 (33)      ; 0           ; 0            ; 0       ; 0         ; 0    ; 0            ; |SimonSays|oneHZClk:comb_3 ; work         ;
+----------------------------+-------------------+--------------+-------------+--------------+---------+-----------+------+--------------+----------------------------+--------------+
Note: For table entries with two numbers listed, the numbers in parentheses indicate the number of resources of the given type used by the specific entity alone. The numbers listed outside of parentheses indicate the total resources of the given type used by the specific entity and all of its sub-entities in the hierarchy.


+----------------------------------------------------------------------------------------------------+
; User-Specified and Inferred Latches                                                                ;
+-----------------------------------------------------+---------------------+------------------------+
; Latch Name                                          ; Latch Enable Signal ; Free of Timing Hazards ;
+-----------------------------------------------------+---------------------+------------------------+
; wrong$latch                                         ; wrong               ; yes                    ;
; correct$latch                                       ; correct             ; yes                    ;
; leds[0]$latch                                       ; VCC                 ; yes                    ;
; leds[1]$latch                                       ; VCC                 ; yes                    ;
; leds[2]$latch                                       ; VCC                 ; yes                    ;
; leds[3]$latch                                       ; VCC                 ; yes                    ;
; track_seq[0]$latch                                  ; track_seq[3]        ; yes                    ;
; track_seq[1]$latch                                  ; track_seq[3]        ; yes                    ;
; track_seq[2]$latch                                  ; track_seq[3]        ; yes                    ;
; track_seq[3]$latch                                  ; track_seq[3]        ; yes                    ;
; sc2[4]                                              ; sc2[0]              ; yes                    ;
; sc2[5]                                              ; sc2[0]              ; yes                    ;
; sc2[0]                                              ; sc2[0]              ; yes                    ;
; sc2[1]                                              ; sc2[0]              ; yes                    ;
; sc2[2]                                              ; sc2[0]              ; yes                    ;
; sc2[3]                                              ; sc2[0]              ; yes                    ;
; Number of user-specified and inferred latches = 16  ;                     ;                        ;
+-----------------------------------------------------+---------------------+------------------------+
Note: All latches listed above may not be present at the end of synthesis due to various synthesis optimizations.


+------------------------------------------------------+
; General Register Statistics                          ;
+----------------------------------------------+-------+
; Statistic                                    ; Value ;
+----------------------------------------------+-------+
; Total registers                              ; 46    ;
; Number of registers using Synchronous Clear  ; 6     ;
; Number of registers using Synchronous Load   ; 0     ;
; Number of registers using Asynchronous Clear ; 0     ;
; Number of registers using Asynchronous Load  ; 0     ;
; Number of registers using Clock Enable       ; 5     ;
; Number of registers using Preset             ; 0     ;
+----------------------------------------------+-------+


+--------------------------------------------------+
; Inverted Register Statistics                     ;
+----------------------------------------+---------+
; Inverted Register                      ; Fan out ;
+----------------------------------------+---------+
; oneHZClk:comb_3|outClock               ; 14      ;
; Total number of inverted registers = 1 ;         ;
+----------------------------------------+---------+


+------------------------------------------------------------------------------------------------------------------------------------------+
; Multiplexer Restructuring Statistics (Restructuring Performed)                                                                           ;
+--------------------+-----------+---------------+----------------------+------------------------+------------+----------------------------+
; Multiplexer Inputs ; Bus Width ; Baseline Area ; Area if Restructured ; Saving if Restructured ; Registered ; Example Multiplexer Output ;
+--------------------+-----------+---------------+----------------------+------------------------+------------+----------------------------+
; 3:1                ; 6 bits    ; 12 LEs        ; 6 LEs                ; 6 LEs                  ; Yes        ; |SimonSays|sc[3]           ;
; 3:1                ; 4 bits    ; 8 LEs         ; 4 LEs                ; 4 LEs                  ; No         ; |SimonSays|track_seq       ;
; 4:1                ; 4 bits    ; 8 LEs         ; 4 LEs                ; 4 LEs                  ; No         ; |SimonSays|track_seq[0]    ;
; 6:1                ; 6 bits    ; 24 LEs        ; 6 LEs                ; 18 LEs                 ; No         ; |SimonSays|sc2[4]          ;
+--------------------+-----------+---------------+----------------------+------------------------+------------+----------------------------+


+----------------------------------------------------------------------------------------------------------------------------------------------------------------------------------------------------------------------+
; Port Connectivity Checks: "Random:r"                                                                                                                                                                                 ;
+-------------+--------+----------+------------------------------------------------------------------------------------------------------------------------------------------------------------------------------------+
; Port        ; Type   ; Severity ; Details                                                                                                                                                                            ;
+-------------+--------+----------+------------------------------------------------------------------------------------------------------------------------------------------------------------------------------------+
; num1        ; Output ; Warning  ; Output or bidir port (2 bits) is smaller than the port expression (3 bits) it drives.  The 1 most-significant bit(s) in the port expression will be connected to GND.              ;
; num2        ; Output ; Warning  ; Output or bidir port (2 bits) is smaller than the port expression (3 bits) it drives.  The 1 most-significant bit(s) in the port expression will be connected to GND.              ;
; seqNo       ; Input  ; Warning  ; Input port expression (32 bits) is wider than the input port (5 bits) it drives.  The 27 most-significant bit(s) in the expression will be dangling if they have no other fanouts. ;
; seqNo[4..0] ; Input  ; Info     ; Stuck at GND                                                                                                                                                                       ;
+-------------+--------+----------+------------------------------------------------------------------------------------------------------------------------------------------------------------------------------------+


+-----------------------------------------------------+
; Post-Synthesis Netlist Statistics for Top Partition ;
+-----------------------+-----------------------------+
; Type                  ; Count                       ;
+-----------------------+-----------------------------+
; boundary_port         ; 37                          ;
; cycloneiii_ff         ; 46                          ;
;     ENA               ; 5                           ;
;     SCLR              ; 6                           ;
;     plain             ; 35                          ;
; cycloneiii_lcell_comb ; 197                         ;
;     arith             ; 50                          ;
;         2 data inputs ; 39                          ;
;         3 data inputs ; 11                          ;
;     normal            ; 147                         ;
;         1 data inputs ; 6                           ;
;         2 data inputs ; 24                          ;
;         3 data inputs ; 42                          ;
;         4 data inputs ; 75                          ;
;                       ;                             ;
; Max LUT depth         ; 8.50                        ;
; Average LUT depth     ; 4.72                        ;
+-----------------------+-----------------------------+


+-------------------------------+
; Elapsed Time Per Partition    ;
+----------------+--------------+
; Partition Name ; Elapsed Time ;
+----------------+--------------+
; Top            ; 00:00:05     ;
+----------------+--------------+


+-------------------------------+
; Analysis & Synthesis Messages ;
+-------------------------------+
Info: *******************************************************************
Info: Running Quartus Prime Analysis & Synthesis
    Info: Version 15.1.0 Build 185 10/21/2015 SJ Lite Edition
    Info: Processing started: Sun Dec 13 11:04:32 2015
Info: Command: quartus_map --read_settings_files=on --write_settings_files=off SimonSays -c SimonSays
Warning (20028): Parallel compilation is not licensed and has been disabled
Info (12021): Found 1 design units, including 1 entities, in source file onehzclk.v
    Info (12023): Found entity 1: oneHZClk File: C:/Users/a7med/Downloads/Project/oneHZClk.v Line: 1
Info (12021): Found 1 design units, including 1 entities, in source file simonsays.v
    Info (12023): Found entity 1: SimonSays File: C:/Users/a7med/Downloads/Project/SimonSays.v Line: 1
Info (12021): Found 1 design units, including 1 entities, in source file digitaltimer.v
    Info (12023): Found entity 1: digitaltimer File: C:/Users/a7med/Downloads/Project/digitaltimer.v Line: 1
Info (12021): Found 1 design units, including 1 entities, in source file random.v
    Info (12023): Found entity 1: Random File: C:/Users/a7med/Downloads/Project/Random.v Line: 1
Critical Warning (10846): Verilog HDL Instantiation warning at SimonSays.v(4): instance has no name File: C:/Users/a7med/Downloads/Project/SimonSays.v Line: 4
Info (12127): Elaborating entity "SimonSays" for the top level hierarchy
Warning (10036): Verilog HDL or VHDL warning at SimonSays.v(6): object "ready" assigned a value but never read File: C:/Users/a7med/Downloads/Project/SimonSays.v Line: 6
Warning (10235): Verilog HDL Always Construct warning at SimonSays.v(51): variable "led_code2" is read inside the Always Construct but isn't in the Always Construct's Event Control File: C:/Users/a7med/Downloads/Project/SimonSays.v Line: 51
Warning (10235): Verilog HDL Always Construct warning at SimonSays.v(61): variable "lc" is read inside the Always Construct but isn't in the Always Construct's Event Control File: C:/Users/a7med/Downloads/Project/SimonSays.v Line: 61
Warning (10230): Verilog HDL assignment warning at SimonSays.v(66): truncated value with size 32 to match size of target (6) File: C:/Users/a7med/Downloads/Project/SimonSays.v Line: 66
Warning (10240): Verilog HDL Always Construct warning at SimonSays.v(27): inferring latch(es) for variable "track_seq", which holds its previous value in one or more paths through the always construct File: C:/Users/a7med/Downloads/Project/SimonSays.v Line: 27
Warning (10240): Verilog HDL Always Construct warning at SimonSays.v(27): inferring latch(es) for variable "sc2", which holds its previous value in one or more paths through the always construct File: C:/Users/a7med/Downloads/Project/SimonSays.v Line: 27
Warning (10240): Verilog HDL Always Construct warning at SimonSays.v(27): inferring latch(es) for variable "wrong", which holds its previous value in one or more paths through the always construct File: C:/Users/a7med/Downloads/Project/SimonSays.v Line: 27
Warning (10240): Verilog HDL Always Construct warning at SimonSays.v(27): inferring latch(es) for variable "correct", which holds its previous value in one or more paths through the always construct File: C:/Users/a7med/Downloads/Project/SimonSays.v Line: 27
Warning (10230): Verilog HDL assignment warning at SimonSays.v(86): truncated value with size 32 to match size of target (6) File: C:/Users/a7med/Downloads/Project/SimonSays.v Line: 86
Warning (10230): Verilog HDL assignment warning at SimonSays.v(94): truncated value with size 32 to match size of target (6) File: C:/Users/a7med/Downloads/Project/SimonSays.v Line: 94
Warning (10235): Verilog HDL Always Construct warning at SimonSays.v(102): variable "isPlayer" is read inside the Always Construct but isn't in the Always Construct's Event Control File: C:/Users/a7med/Downloads/Project/SimonSays.v Line: 102
Warning (10270): Verilog HDL Case Statement warning at SimonSays.v(103): incomplete case statement has no default case item File: C:/Users/a7med/Downloads/Project/SimonSays.v Line: 103
Warning (10240): Verilog HDL Always Construct warning at SimonSays.v(100): inferring latch(es) for variable "leds", which holds its previous value in one or more paths through the always construct File: C:/Users/a7med/Downloads/Project/SimonSays.v Line: 100
Info (10041): Inferred latch for "leds[0]" at SimonSays.v(110) File: C:/Users/a7med/Downloads/Project/SimonSays.v Line: 110
Info (10041): Inferred latch for "leds[1]" at SimonSays.v(110) File: C:/Users/a7med/Downloads/Project/SimonSays.v Line: 110
Info (10041): Inferred latch for "leds[2]" at SimonSays.v(110) File: C:/Users/a7med/Downloads/Project/SimonSays.v Line: 110
Info (10041): Inferred latch for "leds[3]" at SimonSays.v(110) File: C:/Users/a7med/Downloads/Project/SimonSays.v Line: 110
Info (10041): Inferred latch for "wrong" at SimonSays.v(39) File: C:/Users/a7med/Downloads/Project/SimonSays.v Line: 39
Info (10041): Inferred latch for "sc2[0]" at SimonSays.v(39) File: C:/Users/a7med/Downloads/Project/SimonSays.v Line: 39
Info (10041): Inferred latch for "sc2[1]" at SimonSays.v(39) File: C:/Users/a7med/Downloads/Project/SimonSays.v Line: 39
Info (10041): Inferred latch for "sc2[2]" at SimonSays.v(39) File: C:/Users/a7med/Downloads/Project/SimonSays.v Line: 39
Info (10041): Inferred latch for "sc2[3]" at SimonSays.v(39) File: C:/Users/a7med/Downloads/Project/SimonSays.v Line: 39
Info (10041): Inferred latch for "sc2[4]" at SimonSays.v(39) File: C:/Users/a7med/Downloads/Project/SimonSays.v Line: 39
Info (10041): Inferred latch for "sc2[5]" at SimonSays.v(39) File: C:/Users/a7med/Downloads/Project/SimonSays.v Line: 39
Info (10041): Inferred latch for "correct" at SimonSays.v(39) File: C:/Users/a7med/Downloads/Project/SimonSays.v Line: 39
Info (10041): Inferred latch for "track_seq[0]" at SimonSays.v(39) File: C:/Users/a7med/Downloads/Project/SimonSays.v Line: 39
Info (10041): Inferred latch for "track_seq[1]" at SimonSays.v(39) File: C:/Users/a7med/Downloads/Project/SimonSays.v Line: 39
Info (10041): Inferred latch for "track_seq[2]" at SimonSays.v(39) File: C:/Users/a7med/Downloads/Project/SimonSays.v Line: 39
Info (10041): Inferred latch for "track_seq[3]" at SimonSays.v(39) File: C:/Users/a7med/Downloads/Project/SimonSays.v Line: 39
Info (12128): Elaborating entity "oneHZClk" for hierarchy "oneHZClk:comb_3" File: C:/Users/a7med/Downloads/Project/SimonSays.v Line: 4
Info (12128): Elaborating entity "Random" for hierarchy "Random:r" File: C:/Users/a7med/Downloads/Project/SimonSays.v Line: 13
Info (10008): Verilog HDL or VHDL information: EDA Netlist Writer cannot regroup multidimensional array "seq" into its bus
Info (12128): Elaborating entity "digitaltimer" for hierarchy "digitaltimer:d1" File: C:/Users/a7med/Downloads/Project/SimonSays.v Line: 16
Warning (12241): 1 hierarchies have connectivity warnings - see the Connectivity Checks report folder
Warning (13012): Latch wrong$latch has unsafe behavior File: C:/Users/a7med/Downloads/Project/SimonSays.v Line: 39
    Warning (13013): Ports D and ENA on the latch are fed by the same signal isPlayer~reg0 File: C:/Users/a7med/Downloads/Project/SimonSays.v Line: 1
Warning (13012): Latch correct$latch has unsafe behavior File: C:/Users/a7med/Downloads/Project/SimonSays.v Line: 39
    Warning (13013): Ports D and ENA on the latch are fed by the same signal isPlayer~reg0 File: C:/Users/a7med/Downloads/Project/SimonSays.v Line: 1
Warning (13012): Latch track_seq[0]$latch has unsafe behavior File: C:/Users/a7med/Downloads/Project/SimonSays.v Line: 39
    Warning (13013): Ports D and ENA on the latch are fed by the same signal s0 File: C:/Users/a7med/Downloads/Project/SimonSays.v Line: 1
Warning (13012): Latch track_seq[1]$latch has unsafe behavior File: C:/Users/a7med/Downloads/Project/SimonSays.v Line: 39
    Warning (13013): Ports D and ENA on the latch are fed by the same signal s1 File: C:/Users/a7med/Downloads/Project/SimonSays.v Line: 1
Warning (13012): Latch track_seq[2]$latch has unsafe behavior File: C:/Users/a7med/Downloads/Project/SimonSays.v Line: 39
    Warning (13013): Ports D and ENA on the latch are fed by the same signal s2 File: C:/Users/a7med/Downloads/Project/SimonSays.v Line: 1
Warning (13012): Latch track_seq[3]$latch has unsafe behavior File: C:/Users/a7med/Downloads/Project/SimonSays.v Line: 39
    Warning (13013): Ports D and ENA on the latch are fed by the same signal s3 File: C:/Users/a7med/Downloads/Project/SimonSays.v Line: 1
Warning (13012): Latch sc2[4] has unsafe behavior File: C:/Users/a7med/Downloads/Project/SimonSays.v Line: 39
    Warning (13013): Ports D and ENA on the latch are fed by the same signal isPlayer~reg0 File: C:/Users/a7med/Downloads/Project/SimonSays.v Line: 1
Warning (13012): Latch sc2[5] has unsafe behavior File: C:/Users/a7med/Downloads/Project/SimonSays.v Line: 39
    Warning (13013): Ports D and ENA on the latch are fed by the same signal isPlayer~reg0 File: C:/Users/a7med/Downloads/Project/SimonSays.v Line: 1
Warning (13012): Latch sc2[0] has unsafe behavior File: C:/Users/a7med/Downloads/Project/SimonSays.v Line: 39
    Warning (13013): Ports D and ENA on the latch are fed by the same signal isPlayer~reg0 File: C:/Users/a7med/Downloads/Project/SimonSays.v Line: 1
Warning (13012): Latch sc2[1] has unsafe behavior File: C:/Users/a7med/Downloads/Project/SimonSays.v Line: 39
    Warning (13013): Ports D and ENA on the latch are fed by the same signal isPlayer~reg0 File: C:/Users/a7med/Downloads/Project/SimonSays.v Line: 1
Warning (13012): Latch sc2[2] has unsafe behavior File: C:/Users/a7med/Downloads/Project/SimonSays.v Line: 39
    Warning (13013): Ports D and ENA on the latch are fed by the same signal isPlayer~reg0 File: C:/Users/a7med/Downloads/Project/SimonSays.v Line: 1
Warning (13012): Latch sc2[3] has unsafe behavior File: C:/Users/a7med/Downloads/Project/SimonSays.v Line: 39
    Warning (13013): Ports D and ENA on the latch are fed by the same signal isPlayer~reg0 File: C:/Users/a7med/Downloads/Project/SimonSays.v Line: 1
Info (286030): Timing-Driven Synthesis is running
Info (144001): Generated suppressed messages file C:/Users/a7med/Downloads/Project/output_files/SimonSays.map.smsg
Info (16010): Generating hard_block partition "hard_block:auto_generated_inst"
    Info (16011): Adding 0 node(s), including 0 DDIO, 0 PLL, 0 transceiver and 0 LCELL
Info (21057): Implemented 251 device resources after synthesis - the final resource count might be different
    Info (21058): Implemented 5 input pins
    Info (21059): Implemented 32 output pins
    Info (21061): Implemented 214 logic cells
Info: Quartus Prime Analysis & Synthesis was successful. 0 errors, 40 warnings
    Info: Peak virtual memory: 814 megabytes
    Info: Processing ended: Sun Dec 13 11:05:24 2015
    Info: Elapsed time: 00:00:52
    Info: Total CPU time (on all processors): 00:00:53


+------------------------------------------+
; Analysis & Synthesis Suppressed Messages ;
+------------------------------------------+
The suppressed messages can be found in C:/Users/a7med/Downloads/Project/output_files/SimonSays.map.smsg.


